---
source: src/features/formatting/bibtex_internal.rs
expression: edit.new_text

---
@string{foo = "bar"}
