---
source: src/syntax/latex/parser.rs
expression: "setup(r#\"\\usepackage{}\"#)"

---
ROOT@0..13
  PREAMBLE@0..13
    PACKAGE_INCLUDE@0..13
      PACKAGE_INCLUDE_NAME@0..11 "\\usepackage"
      CURLY_GROUP_WORD_LIST@11..13
        L_CURLY@11..12 "{"
        R_CURLY@12..13 "}"

