---
source: src/syntax/latex.rs
expression: "setup(r#\"\\eqref{foo}\"#)"

---
ROOT@0..11
  PREAMBLE@0..11
    LABEL_REFERENCE@0..11
      LABEL_REFERENCE_COMMAND@0..6 "\\eqref"
      BRACE_GROUP_WORD_LIST@6..11
        L_BRACE@6..7 "{"
        WORD@7..10 "foo"
        R_BRACE@10..11 "}"

