---
source: src/syntax/latex/parser.rs
expression: "setup(r#\"\\includegraphics{foo/bar.pdf}\"#)"

---
ROOT@0..29
  PREAMBLE@0..29
    GRAPHICS_INCLUDE@0..29
      GRAPHICS_INCLUDE_NAME@0..16 "\\includegraphics"
      CURLY_GROUP_WORD_LIST@16..29
        L_CURLY@16..17 "{"
        WORD@17..28 "foo/bar.pdf"
        R_CURLY@28..29 "}"

