---
source: src/syntax/latex/parser.rs
expression: "setup(r#\"\\includesvg[scale=.5]{foo/bar.svg}\"#)"

---
ROOT@0..34
  PREAMBLE@0..34
    SVG_INCLUDE@0..34
      SVG_INCLUDE_NAME@0..11 "\\includesvg"
      BRACK_GROUP_KEY_VALUE@11..21
        L_BRACK@11..12 "["
        KEY_VALUE_BODY@12..20
          KEY_VALUE_PAIR@12..20
            KEY@12..17
              WORD@12..17 "scale"
            EQUALITY_SIGN@17..18 "="
            VALUE@18..20
              TEXT@18..20
                WORD@18..20 ".5"
        R_BRACK@20..21 "]"
      CURLY_GROUP_WORD_LIST@21..34
        L_CURLY@21..22 "{"
        WORD@22..33 "foo/bar.svg"
        R_CURLY@33..34 "}"

