---
source: src/syntax/latex/parser.rs
expression: "setup(r#\"#1\"#)"

---
ROOT@0..2
  PREAMBLE@0..2
    TEXT@0..2
      WORD@0..2 "#1"

