---
source: src/syntax/latex.rs
expression: "setup(r#\"#\"#)"

---
ROOT@0..1
  PREAMBLE@0..1
    PARAMETER@0..1 "#"

