---
source: src/syntax/latex.rs
expression: "setup(r#\"][\"#)"

---
ROOT@0..2
  PREAMBLE@0..2
    ERROR@0..1 "]"
    MIXED_GROUP@1..2
      L_BRACKET@1..2 "["
      MISSING@2..2 ""

