---
source: src/syntax/latex.rs
expression: "setup(r#\"\\addbibresource[foo=bar, baz]{foo/bar.bib}\"#)"

---
ROOT@0..42
  PREAMBLE@0..42
    BIBLATEX_INCLUDE@0..42
      BIBLATEX_INCLUDE_COMMAND@0..15 "\\addbibresource"
      BRACKET_GROUP_KEY_VALUE@15..29
        L_BRACKET@15..16 "["
        KEY_VALUE_BODY@16..28
          KEY_VALUE_PAIR@16..28
            KEY@16..19
              WORD@16..19 "foo"
            EQUALITY_SIGN@19..20 "="
            VALUE@20..28
              TEXT@20..28
                WORD@20..23 "bar"
                COMMA@23..24 ","
                WHITESPACE@24..25 " "
                WORD@25..28 "baz"
        R_BRACKET@28..29 "]"
      BRACE_GROUP_WORD_LIST@29..42
        L_BRACE@29..30 "{"
        WORD@30..41 "foo/bar.bib"
        R_BRACE@41..42 "}"

