---
source: src/syntax/latex.rs
expression: "setup(r#\"\\cite{,foo,}\"#)"

---
ROOT@0..12
  PREAMBLE@0..12
    CITATION@0..12
      CITATION_COMMAND@0..5 "\\cite"
      BRACE_GROUP_WORD_LIST@5..12
        L_BRACE@5..6 "{"
        COMMA@6..7 ","
        WORD@7..10 "foo"
        COMMA@10..11 ","
        R_BRACE@11..12 "}"

