---
source: tests/integration/completion.rs
expression: "complete_and_resolve(&server, uri, 0, 0)?"

---
{
  "isIncomplete": false,
  "items": []
}
