{
  "tree": {
    "graph": {
      "nodes": [
        {
          "Text": {
            "range": {
              "start": {
                "line": 0,
                "character": 13
              },
              "end": {
                "line": 0,
                "character": 18
              }
            },
            "words": [
              {
                "span": {
                  "range": {
                    "start": {
                      "line": 0,
                      "character": 13
                    },
                    "end": {
                      "line": 0,
                      "character": 18
                    }
                  },
                  "text": "lemma"
                },
                "kind": "Word"
              }
            ]
          }
        },
        {
          "Group": {
            "range": {
              "start": {
                "line": 0,
                "character": 12
              },
              "end": {
                "line": 0,
                "character": 19
              }
            },
            "left": {
              "span": {
                "range": {
                  "start": {
                    "line": 0,
                    "character": 12
                  },
                  "end": {
                    "line": 0,
                    "character": 13
                  }
                },
                "text": "{"
              },
              "kind": "BeginGroup"
            },
            "right": {
              "span": {
                "range": {
                  "start": {
                    "line": 0,
                    "character": 18
                  },
                  "end": {
                    "line": 0,
                    "character": 19
                  }
                },
                "text": "}"
              },
              "kind": "EndGroup"
            },
            "kind": "Group"
          }
        },
        {
          "Text": {
            "range": {
              "start": {
                "line": 0,
                "character": 20
              },
              "end": {
                "line": 0,
                "character": 25
              }
            },
            "words": [
              {
                "span": {
                  "range": {
                    "start": {
                      "line": 0,
                      "character": 20
                    },
                    "end": {
                      "line": 0,
                      "character": 25
                    }
                  },
                  "text": "Lemma"
                },
                "kind": "Word"
              }
            ]
          }
        },
        {
          "Group": {
            "range": {
              "start": {
                "line": 0,
                "character": 19
              },
              "end": {
                "line": 0,
                "character": 26
              }
            },
            "left": {
              "span": {
                "range": {
                  "start": {
                    "line": 0,
                    "character": 19
                  },
                  "end": {
                    "line": 0,
                    "character": 20
                  }
                },
                "text": "{"
              },
              "kind": "BeginGroup"
            },
            "right": {
              "span": {
                "range": {
                  "start": {
                    "line": 0,
                    "character": 25
                  },
                  "end": {
                    "line": 0,
                    "character": 26
                  }
                },
                "text": "}"
              },
              "kind": "EndGroup"
            },
            "kind": "Group"
          }
        },
        {
          "Command": {
            "range": {
              "start": {
                "line": 0,
                "character": 1
              },
              "end": {
                "line": 0,
                "character": 26
              }
            },
            "name": {
              "span": {
                "range": {
                  "start": {
                    "line": 0,
                    "character": 1
                  },
                  "end": {
                    "line": 0,
                    "character": 12
                  }
                },
                "text": "\\newtheorem"
              },
              "kind": "Command"
            }
          }
        },
        {
          "Text": {
            "range": {
              "start": {
                "line": 1,
                "character": 12
              },
              "end": {
                "line": 1,
                "character": 15
              }
            },
            "words": [
              {
                "span": {
                  "range": {
                    "start": {
                      "line": 1,
                      "character": 12
                    },
                    "end": {
                      "line": 1,
                      "character": 15
                    }
                  },
                  "text": "foo"
                },
                "kind": "Word"
              }
            ]
          }
        },
        {
          "Group": {
            "range": {
              "start": {
                "line": 1,
                "character": 11
              },
              "end": {
                "line": 1,
                "character": 16
              }
            },
            "left": {
              "span": {
                "range": {
                  "start": {
                    "line": 1,
                    "character": 11
                  },
                  "end": {
                    "line": 1,
                    "character": 12
                  }
                },
                "text": "{"
              },
              "kind": "BeginGroup"
            },
            "right": {
              "span": {
                "range": {
                  "start": {
                    "line": 1,
                    "character": 15
                  },
                  "end": {
                    "line": 1,
                    "character": 16
                  }
                },
                "text": "}"
              },
              "kind": "EndGroup"
            },
            "kind": "Group"
          }
        },
        {
          "Command": {
            "range": {
              "start": {
                "line": 1,
                "character": 0
              },
              "end": {
                "line": 1,
                "character": 16
              }
            },
            "name": {
              "span": {
                "range": {
                  "start": {
                    "line": 1,
                    "character": 0
                  },
                  "end": {
                    "line": 1,
                    "character": 11
                  }
                },
                "text": "\\newtheorem"
              },
              "kind": "Command"
            }
          }
        },
        {
          "Group": {
            "range": {
              "start": {
                "line": 2,
                "character": 11
              },
              "end": {
                "line": 2,
                "character": 13
              }
            },
            "left": {
              "span": {
                "range": {
                  "start": {
                    "line": 2,
                    "character": 11
                  },
                  "end": {
                    "line": 2,
                    "character": 12
                  }
                },
                "text": "{"
              },
              "kind": "BeginGroup"
            },
            "right": {
              "span": {
                "range": {
                  "start": {
                    "line": 2,
                    "character": 12
                  },
                  "end": {
                    "line": 2,
                    "character": 13
                  }
                },
                "text": "}"
              },
              "kind": "EndGroup"
            },
            "kind": "Group"
          }
        },
        {
          "Group": {
            "range": {
              "start": {
                "line": 2,
                "character": 13
              },
              "end": {
                "line": 2,
                "character": 15
              }
            },
            "left": {
              "span": {
                "range": {
                  "start": {
                    "line": 2,
                    "character": 13
                  },
                  "end": {
                    "line": 2,
                    "character": 14
                  }
                },
                "text": "{"
              },
              "kind": "BeginGroup"
            },
            "right": {
              "span": {
                "range": {
                  "start": {
                    "line": 2,
                    "character": 14
                  },
                  "end": {
                    "line": 2,
                    "character": 15
                  }
                },
                "text": "}"
              },
              "kind": "EndGroup"
            },
            "kind": "Group"
          }
        },
        {
          "Command": {
            "range": {
              "start": {
                "line": 2,
                "character": 0
              },
              "end": {
                "line": 2,
                "character": 15
              }
            },
            "name": {
              "span": {
                "range": {
                  "start": {
                    "line": 2,
                    "character": 0
                  },
                  "end": {
                    "line": 2,
                    "character": 11
                  }
                },
                "text": "\\newtheorem"
              },
              "kind": "Command"
            }
          }
        },
        {
          "Command": {
            "range": {
              "start": {
                "line": 3,
                "character": 0
              },
              "end": {
                "line": 3,
                "character": 11
              }
            },
            "name": {
              "span": {
                "range": {
                  "start": {
                    "line": 3,
                    "character": 0
                  },
                  "end": {
                    "line": 3,
                    "character": 11
                  }
                },
                "text": "\\newtheorem"
              },
              "kind": "Command"
            }
          }
        },
        {
          "Root": {
            "range": {
              "start": {
                "line": 0,
                "character": 1
              },
              "end": {
                "line": 3,
                "character": 11
              }
            }
          }
        }
      ],
      "node_holes": [],
      "edge_property": "directed",
      "edges": [
        [
          1,
          0,
          null
        ],
        [
          3,
          2,
          null
        ],
        [
          4,
          1,
          null
        ],
        [
          4,
          3,
          null
        ],
        [
          6,
          5,
          null
        ],
        [
          7,
          6,
          null
        ],
        [
          10,
          8,
          null
        ],
        [
          10,
          9,
          null
        ],
        [
          12,
          4,
          null
        ],
        [
          12,
          7,
          null
        ],
        [
          12,
          10,
          null
        ],
        [
          12,
          11,
          null
        ]
      ]
    },
    "root": 12
  },
  "commands": [
    4,
    7,
    10,
    11
  ],
  "environments": [],
  "is_standalone": false,
  "includes": [],
  "components": [],
  "citations": [],
  "command_definitions": [],
  "glossary_entries": [],
  "equations": [],
  "inlines": [],
  "math_operators": [],
  "theorem_definitions": [
    {
      "parent": 4,
      "arg_index": 0
    },
    {
      "parent": 7,
      "arg_index": 0
    }
  ],
  "sections": [],
  "labels": [],
  "label_numberings": [],
  "captions": [],
  "items": []
}