{
  "tree": {
    "graph": {
      "nodes": [
        {
          "Command": {
            "range": {
              "start": {
                "line": 0,
                "character": 22
              },
              "end": {
                "line": 0,
                "character": 26
              }
            },
            "name": {
              "span": {
                "range": {
                  "start": {
                    "line": 0,
                    "character": 22
                  },
                  "end": {
                    "line": 0,
                    "character": 26
                  }
                },
                "text": "\\foo"
              },
              "kind": "Command"
            }
          }
        },
        {
          "Group": {
            "range": {
              "start": {
                "line": 0,
                "character": 21
              },
              "end": {
                "line": 0,
                "character": 27
              }
            },
            "left": {
              "span": {
                "range": {
                  "start": {
                    "line": 0,
                    "character": 21
                  },
                  "end": {
                    "line": 0,
                    "character": 22
                  }
                },
                "text": "{"
              },
              "kind": "BeginGroup"
            },
            "right": {
              "span": {
                "range": {
                  "start": {
                    "line": 0,
                    "character": 26
                  },
                  "end": {
                    "line": 0,
                    "character": 27
                  }
                },
                "text": "}"
              },
              "kind": "EndGroup"
            },
            "kind": "Group"
          }
        },
        {
          "Text": {
            "range": {
              "start": {
                "line": 0,
                "character": 28
              },
              "end": {
                "line": 0,
                "character": 31
              }
            },
            "words": [
              {
                "span": {
                  "range": {
                    "start": {
                      "line": 0,
                      "character": 28
                    },
                    "end": {
                      "line": 0,
                      "character": 31
                    }
                  },
                  "text": "foo"
                },
                "kind": "Word"
              }
            ]
          }
        },
        {
          "Group": {
            "range": {
              "start": {
                "line": 0,
                "character": 27
              },
              "end": {
                "line": 0,
                "character": 32
              }
            },
            "left": {
              "span": {
                "range": {
                  "start": {
                    "line": 0,
                    "character": 27
                  },
                  "end": {
                    "line": 0,
                    "character": 28
                  }
                },
                "text": "{"
              },
              "kind": "BeginGroup"
            },
            "right": {
              "span": {
                "range": {
                  "start": {
                    "line": 0,
                    "character": 31
                  },
                  "end": {
                    "line": 0,
                    "character": 32
                  }
                },
                "text": "}"
              },
              "kind": "EndGroup"
            },
            "kind": "Group"
          }
        },
        {
          "Command": {
            "range": {
              "start": {
                "line": 0,
                "character": 1
              },
              "end": {
                "line": 0,
                "character": 32
              }
            },
            "name": {
              "span": {
                "range": {
                  "start": {
                    "line": 0,
                    "character": 1
                  },
                  "end": {
                    "line": 0,
                    "character": 21
                  }
                },
                "text": "\\DeclareMathOperator"
              },
              "kind": "Command"
            }
          }
        },
        {
          "Command": {
            "range": {
              "start": {
                "line": 1,
                "character": 21
              },
              "end": {
                "line": 1,
                "character": 25
              }
            },
            "name": {
              "span": {
                "range": {
                  "start": {
                    "line": 1,
                    "character": 21
                  },
                  "end": {
                    "line": 1,
                    "character": 25
                  }
                },
                "text": "\\foo"
              },
              "kind": "Command"
            }
          }
        },
        {
          "Group": {
            "range": {
              "start": {
                "line": 1,
                "character": 20
              },
              "end": {
                "line": 1,
                "character": 26
              }
            },
            "left": {
              "span": {
                "range": {
                  "start": {
                    "line": 1,
                    "character": 20
                  },
                  "end": {
                    "line": 1,
                    "character": 21
                  }
                },
                "text": "{"
              },
              "kind": "BeginGroup"
            },
            "right": {
              "span": {
                "range": {
                  "start": {
                    "line": 1,
                    "character": 25
                  },
                  "end": {
                    "line": 1,
                    "character": 26
                  }
                },
                "text": "}"
              },
              "kind": "EndGroup"
            },
            "kind": "Group"
          }
        },
        {
          "Command": {
            "range": {
              "start": {
                "line": 1,
                "character": 0
              },
              "end": {
                "line": 1,
                "character": 26
              }
            },
            "name": {
              "span": {
                "range": {
                  "start": {
                    "line": 1,
                    "character": 0
                  },
                  "end": {
                    "line": 1,
                    "character": 20
                  }
                },
                "text": "\\DeclareMathOperator"
              },
              "kind": "Command"
            }
          }
        },
        {
          "Group": {
            "range": {
              "start": {
                "line": 2,
                "character": 20
              },
              "end": {
                "line": 2,
                "character": 22
              }
            },
            "left": {
              "span": {
                "range": {
                  "start": {
                    "line": 2,
                    "character": 20
                  },
                  "end": {
                    "line": 2,
                    "character": 21
                  }
                },
                "text": "{"
              },
              "kind": "BeginGroup"
            },
            "right": {
              "span": {
                "range": {
                  "start": {
                    "line": 2,
                    "character": 21
                  },
                  "end": {
                    "line": 2,
                    "character": 22
                  }
                },
                "text": "}"
              },
              "kind": "EndGroup"
            },
            "kind": "Group"
          }
        },
        {
          "Command": {
            "range": {
              "start": {
                "line": 2,
                "character": 0
              },
              "end": {
                "line": 2,
                "character": 22
              }
            },
            "name": {
              "span": {
                "range": {
                  "start": {
                    "line": 2,
                    "character": 0
                  },
                  "end": {
                    "line": 2,
                    "character": 20
                  }
                },
                "text": "\\DeclareMathOperator"
              },
              "kind": "Command"
            }
          }
        },
        {
          "Command": {
            "range": {
              "start": {
                "line": 3,
                "character": 0
              },
              "end": {
                "line": 3,
                "character": 20
              }
            },
            "name": {
              "span": {
                "range": {
                  "start": {
                    "line": 3,
                    "character": 0
                  },
                  "end": {
                    "line": 3,
                    "character": 20
                  }
                },
                "text": "\\DeclareMathOperator"
              },
              "kind": "Command"
            }
          }
        },
        {
          "Root": {
            "range": {
              "start": {
                "line": 0,
                "character": 1
              },
              "end": {
                "line": 3,
                "character": 20
              }
            }
          }
        }
      ],
      "node_holes": [],
      "edge_property": "directed",
      "edges": [
        [
          1,
          0,
          null
        ],
        [
          3,
          2,
          null
        ],
        [
          4,
          1,
          null
        ],
        [
          4,
          3,
          null
        ],
        [
          6,
          5,
          null
        ],
        [
          7,
          6,
          null
        ],
        [
          9,
          8,
          null
        ],
        [
          11,
          4,
          null
        ],
        [
          11,
          7,
          null
        ],
        [
          11,
          9,
          null
        ],
        [
          11,
          10,
          null
        ]
      ]
    },
    "root": 11
  },
  "commands": [
    4,
    0,
    7,
    5,
    9,
    10
  ],
  "environments": [],
  "is_standalone": false,
  "includes": [],
  "components": [],
  "citations": [],
  "command_definitions": [],
  "glossary_entries": [],
  "equations": [],
  "inlines": [],
  "math_operators": [
    {
      "parent": 4,
      "definition": 0,
      "definition_index": 0,
      "implementation": 3,
      "implementation_index": 1
    }
  ],
  "theorem_definitions": [],
  "sections": [],
  "labels": [],
  "label_numberings": [],
  "captions": [],
  "items": []
}