{
  "tree": {
    "graph": {
      "nodes": [
        {
          "Text": {
            "range": {
              "start": {
                "line": 0,
                "character": 8
              },
              "end": {
                "line": 0,
                "character": 11
              }
            },
            "words": [
              {
                "span": {
                  "range": {
                    "start": {
                      "line": 0,
                      "character": 8
                    },
                    "end": {
                      "line": 0,
                      "character": 11
                    }
                  },
                  "text": "foo"
                },
                "kind": "Word"
              }
            ]
          }
        },
        {
          "Group": {
            "range": {
              "start": {
                "line": 0,
                "character": 7
              },
              "end": {
                "line": 0,
                "character": 12
              }
            },
            "left": {
              "span": {
                "range": {
                  "start": {
                    "line": 0,
                    "character": 7
                  },
                  "end": {
                    "line": 0,
                    "character": 8
                  }
                },
                "text": "{"
              },
              "kind": "BeginGroup"
            },
            "right": {
              "span": {
                "range": {
                  "start": {
                    "line": 0,
                    "character": 11
                  },
                  "end": {
                    "line": 0,
                    "character": 12
                  }
                },
                "text": "}"
              },
              "kind": "EndGroup"
            },
            "kind": "Group"
          }
        },
        {
          "Command": {
            "range": {
              "start": {
                "line": 0,
                "character": 1
              },
              "end": {
                "line": 0,
                "character": 12
              }
            },
            "name": {
              "span": {
                "range": {
                  "start": {
                    "line": 0,
                    "character": 1
                  },
                  "end": {
                    "line": 0,
                    "character": 7
                  }
                },
                "text": "\\label"
              },
              "kind": "Command"
            }
          }
        },
        {
          "Text": {
            "range": {
              "start": {
                "line": 1,
                "character": 7
              },
              "end": {
                "line": 1,
                "character": 10
              }
            },
            "words": [
              {
                "span": {
                  "range": {
                    "start": {
                      "line": 1,
                      "character": 7
                    },
                    "end": {
                      "line": 1,
                      "character": 10
                    }
                  },
                  "text": "bar"
                },
                "kind": "Word"
              }
            ]
          }
        },
        {
          "Group": {
            "range": {
              "start": {
                "line": 1,
                "character": 6
              },
              "end": {
                "line": 1,
                "character": 11
              }
            },
            "left": {
              "span": {
                "range": {
                  "start": {
                    "line": 1,
                    "character": 6
                  },
                  "end": {
                    "line": 1,
                    "character": 7
                  }
                },
                "text": "{"
              },
              "kind": "BeginGroup"
            },
            "right": {
              "span": {
                "range": {
                  "start": {
                    "line": 1,
                    "character": 10
                  },
                  "end": {
                    "line": 1,
                    "character": 11
                  }
                },
                "text": "}"
              },
              "kind": "EndGroup"
            },
            "kind": "Group"
          }
        },
        {
          "Command": {
            "range": {
              "start": {
                "line": 1,
                "character": 0
              },
              "end": {
                "line": 1,
                "character": 11
              }
            },
            "name": {
              "span": {
                "range": {
                  "start": {
                    "line": 1,
                    "character": 0
                  },
                  "end": {
                    "line": 1,
                    "character": 6
                  }
                },
                "text": "\\label"
              },
              "kind": "Command"
            }
          }
        },
        {
          "Text": {
            "range": {
              "start": {
                "line": 2,
                "character": 5
              },
              "end": {
                "line": 2,
                "character": 8
              }
            },
            "words": [
              {
                "span": {
                  "range": {
                    "start": {
                      "line": 2,
                      "character": 5
                    },
                    "end": {
                      "line": 2,
                      "character": 8
                    }
                  },
                  "text": "foo"
                },
                "kind": "Word"
              }
            ]
          }
        },
        {
          "Comma": {
            "range": {
              "start": {
                "line": 2,
                "character": 8
              },
              "end": {
                "line": 2,
                "character": 9
              }
            },
            "token": {
              "span": {
                "range": {
                  "start": {
                    "line": 2,
                    "character": 8
                  },
                  "end": {
                    "line": 2,
                    "character": 9
                  }
                },
                "text": ","
              },
              "kind": "Comma"
            }
          }
        },
        {
          "Text": {
            "range": {
              "start": {
                "line": 2,
                "character": 10
              },
              "end": {
                "line": 2,
                "character": 13
              }
            },
            "words": [
              {
                "span": {
                  "range": {
                    "start": {
                      "line": 2,
                      "character": 10
                    },
                    "end": {
                      "line": 2,
                      "character": 13
                    }
                  },
                  "text": "bar"
                },
                "kind": "Word"
              }
            ]
          }
        },
        {
          "Group": {
            "range": {
              "start": {
                "line": 2,
                "character": 4
              },
              "end": {
                "line": 2,
                "character": 14
              }
            },
            "left": {
              "span": {
                "range": {
                  "start": {
                    "line": 2,
                    "character": 4
                  },
                  "end": {
                    "line": 2,
                    "character": 5
                  }
                },
                "text": "{"
              },
              "kind": "BeginGroup"
            },
            "right": {
              "span": {
                "range": {
                  "start": {
                    "line": 2,
                    "character": 13
                  },
                  "end": {
                    "line": 2,
                    "character": 14
                  }
                },
                "text": "}"
              },
              "kind": "EndGroup"
            },
            "kind": "Group"
          }
        },
        {
          "Command": {
            "range": {
              "start": {
                "line": 2,
                "character": 0
              },
              "end": {
                "line": 2,
                "character": 14
              }
            },
            "name": {
              "span": {
                "range": {
                  "start": {
                    "line": 2,
                    "character": 0
                  },
                  "end": {
                    "line": 2,
                    "character": 4
                  }
                },
                "text": "\\ref"
              },
              "kind": "Command"
            }
          }
        },
        {
          "Command": {
            "range": {
              "start": {
                "line": 3,
                "character": 0
              },
              "end": {
                "line": 3,
                "character": 6
              }
            },
            "name": {
              "span": {
                "range": {
                  "start": {
                    "line": 3,
                    "character": 0
                  },
                  "end": {
                    "line": 3,
                    "character": 6
                  }
                },
                "text": "\\eqref"
              },
              "kind": "Command"
            }
          }
        },
        {
          "Root": {
            "range": {
              "start": {
                "line": 0,
                "character": 1
              },
              "end": {
                "line": 3,
                "character": 6
              }
            }
          }
        }
      ],
      "node_holes": [],
      "edge_property": "directed",
      "edges": [
        [
          1,
          0,
          null
        ],
        [
          2,
          1,
          null
        ],
        [
          4,
          3,
          null
        ],
        [
          5,
          4,
          null
        ],
        [
          9,
          6,
          null
        ],
        [
          9,
          7,
          null
        ],
        [
          9,
          8,
          null
        ],
        [
          10,
          9,
          null
        ],
        [
          12,
          2,
          null
        ],
        [
          12,
          5,
          null
        ],
        [
          12,
          10,
          null
        ],
        [
          12,
          11,
          null
        ]
      ]
    },
    "root": 12
  },
  "commands": [
    2,
    5,
    10,
    11
  ],
  "environments": [],
  "is_standalone": false,
  "includes": [],
  "components": [],
  "citations": [],
  "command_definitions": [],
  "glossary_entries": [],
  "equations": [],
  "inlines": [],
  "math_operators": [],
  "theorem_definitions": [],
  "sections": [],
  "labels": [
    {
      "parent": 2,
      "arg_index": 0,
      "kind": "definition"
    },
    {
      "parent": 5,
      "arg_index": 0,
      "kind": "definition"
    },
    {
      "parent": 10,
      "arg_index": 0,
      "kind": {
        "reference": "everything"
      }
    }
  ],
  "label_numberings": [],
  "captions": [],
  "items": []
}