{
  "tree": {
    "graph": {
      "nodes": [
        {
          "Text": {
            "range": {
              "start": {
                "line": 0,
                "character": 10
              },
              "end": {
                "line": 0,
                "character": 13
              }
            },
            "words": [
              {
                "span": {
                  "range": {
                    "start": {
                      "line": 0,
                      "character": 10
                    },
                    "end": {
                      "line": 0,
                      "character": 13
                    }
                  },
                  "text": "Foo"
                },
                "kind": "Word"
              }
            ]
          }
        },
        {
          "Group": {
            "range": {
              "start": {
                "line": 0,
                "character": 9
              },
              "end": {
                "line": 0,
                "character": 14
              }
            },
            "left": {
              "span": {
                "range": {
                  "start": {
                    "line": 0,
                    "character": 9
                  },
                  "end": {
                    "line": 0,
                    "character": 10
                  }
                },
                "text": "{"
              },
              "kind": "BeginGroup"
            },
            "right": {
              "span": {
                "range": {
                  "start": {
                    "line": 0,
                    "character": 13
                  },
                  "end": {
                    "line": 0,
                    "character": 14
                  }
                },
                "text": "}"
              },
              "kind": "EndGroup"
            },
            "kind": "Group"
          }
        },
        {
          "Command": {
            "range": {
              "start": {
                "line": 0,
                "character": 1
              },
              "end": {
                "line": 0,
                "character": 14
              }
            },
            "name": {
              "span": {
                "range": {
                  "start": {
                    "line": 0,
                    "character": 1
                  },
                  "end": {
                    "line": 0,
                    "character": 9
                  }
                },
                "text": "\\section"
              },
              "kind": "Command"
            }
          }
        },
        {
          "Text": {
            "range": {
              "start": {
                "line": 1,
                "character": 12
              },
              "end": {
                "line": 1,
                "character": 19
              }
            },
            "words": [
              {
                "span": {
                  "range": {
                    "start": {
                      "line": 1,
                      "character": 12
                    },
                    "end": {
                      "line": 1,
                      "character": 15
                    }
                  },
                  "text": "Bar"
                },
                "kind": "Word"
              },
              {
                "span": {
                  "range": {
                    "start": {
                      "line": 1,
                      "character": 16
                    },
                    "end": {
                      "line": 1,
                      "character": 19
                    }
                  },
                  "text": "Baz"
                },
                "kind": "Word"
              }
            ]
          }
        },
        {
          "Group": {
            "range": {
              "start": {
                "line": 1,
                "character": 11
              },
              "end": {
                "line": 1,
                "character": 20
              }
            },
            "left": {
              "span": {
                "range": {
                  "start": {
                    "line": 1,
                    "character": 11
                  },
                  "end": {
                    "line": 1,
                    "character": 12
                  }
                },
                "text": "{"
              },
              "kind": "BeginGroup"
            },
            "right": {
              "span": {
                "range": {
                  "start": {
                    "line": 1,
                    "character": 19
                  },
                  "end": {
                    "line": 1,
                    "character": 20
                  }
                },
                "text": "}"
              },
              "kind": "EndGroup"
            },
            "kind": "Group"
          }
        },
        {
          "Command": {
            "range": {
              "start": {
                "line": 1,
                "character": 0
              },
              "end": {
                "line": 1,
                "character": 20
              }
            },
            "name": {
              "span": {
                "range": {
                  "start": {
                    "line": 1,
                    "character": 0
                  },
                  "end": {
                    "line": 1,
                    "character": 11
                  }
                },
                "text": "\\subsection"
              },
              "kind": "Command"
            }
          }
        },
        {
          "Text": {
            "range": {
              "start": {
                "line": 2,
                "character": 12
              },
              "end": {
                "line": 2,
                "character": 15
              }
            },
            "words": [
              {
                "span": {
                  "range": {
                    "start": {
                      "line": 2,
                      "character": 12
                    },
                    "end": {
                      "line": 2,
                      "character": 15
                    }
                  },
                  "text": "Qux"
                },
                "kind": "Word"
              }
            ]
          }
        },
        {
          "Group": {
            "range": {
              "start": {
                "line": 2,
                "character": 11
              },
              "end": {
                "line": 2,
                "character": 16
              }
            },
            "left": {
              "span": {
                "range": {
                  "start": {
                    "line": 2,
                    "character": 11
                  },
                  "end": {
                    "line": 2,
                    "character": 12
                  }
                },
                "text": "{"
              },
              "kind": "BeginGroup"
            },
            "right": {
              "span": {
                "range": {
                  "start": {
                    "line": 2,
                    "character": 15
                  },
                  "end": {
                    "line": 2,
                    "character": 16
                  }
                },
                "text": "}"
              },
              "kind": "EndGroup"
            },
            "kind": "Group"
          }
        },
        {
          "Command": {
            "range": {
              "start": {
                "line": 2,
                "character": 0
              },
              "end": {
                "line": 2,
                "character": 16
              }
            },
            "name": {
              "span": {
                "range": {
                  "start": {
                    "line": 2,
                    "character": 0
                  },
                  "end": {
                    "line": 2,
                    "character": 11
                  }
                },
                "text": "\\paragraph*"
              },
              "kind": "Command"
            }
          }
        },
        {
          "Root": {
            "range": {
              "start": {
                "line": 0,
                "character": 1
              },
              "end": {
                "line": 2,
                "character": 16
              }
            }
          }
        }
      ],
      "node_holes": [],
      "edge_property": "directed",
      "edges": [
        [
          1,
          0,
          null
        ],
        [
          2,
          1,
          null
        ],
        [
          4,
          3,
          null
        ],
        [
          5,
          4,
          null
        ],
        [
          7,
          6,
          null
        ],
        [
          8,
          7,
          null
        ],
        [
          9,
          2,
          null
        ],
        [
          9,
          5,
          null
        ],
        [
          9,
          8,
          null
        ]
      ]
    },
    "root": 9
  },
  "commands": [
    2,
    5,
    8
  ],
  "environments": [],
  "is_standalone": false,
  "includes": [],
  "components": [],
  "citations": [],
  "command_definitions": [],
  "glossary_entries": [],
  "equations": [],
  "inlines": [],
  "math_operators": [],
  "theorem_definitions": [],
  "sections": [
    {
      "parent": 2,
      "arg_index": 0,
      "level": 2,
      "prefix": "Section"
    },
    {
      "parent": 5,
      "arg_index": 0,
      "level": 3,
      "prefix": "Subsection"
    },
    {
      "parent": 8,
      "arg_index": 0,
      "level": 5,
      "prefix": "Paragraph"
    }
  ],
  "labels": [],
  "label_numberings": [],
  "captions": [],
  "items": []
}