{
  "tree": {
    "graph": {
      "nodes": [
        {
          "Text": {
            "range": {
              "start": {
                "line": 0,
                "character": 7
              },
              "end": {
                "line": 0,
                "character": 10
              }
            },
            "words": [
              {
                "span": {
                  "range": {
                    "start": {
                      "line": 0,
                      "character": 7
                    },
                    "end": {
                      "line": 0,
                      "character": 10
                    }
                  },
                  "text": "foo"
                },
                "kind": "Word"
              }
            ]
          }
        },
        {
          "Group": {
            "range": {
              "start": {
                "line": 0,
                "character": 6
              },
              "end": {
                "line": 0,
                "character": 11
              }
            },
            "left": {
              "span": {
                "range": {
                  "start": {
                    "line": 0,
                    "character": 6
                  },
                  "end": {
                    "line": 0,
                    "character": 7
                  }
                },
                "text": "["
              },
              "kind": "BeginOptions"
            },
            "right": {
              "span": {
                "range": {
                  "start": {
                    "line": 0,
                    "character": 10
                  },
                  "end": {
                    "line": 0,
                    "character": 11
                  }
                },
                "text": "]"
              },
              "kind": "EndOptions"
            },
            "kind": "Options"
          }
        },
        {
          "Text": {
            "range": {
              "start": {
                "line": 0,
                "character": 12
              },
              "end": {
                "line": 0,
                "character": 15
              }
            },
            "words": [
              {
                "span": {
                  "range": {
                    "start": {
                      "line": 0,
                      "character": 12
                    },
                    "end": {
                      "line": 0,
                      "character": 15
                    }
                  },
                  "text": "bar"
                },
                "kind": "Word"
              }
            ]
          }
        },
        {
          "Group": {
            "range": {
              "start": {
                "line": 0,
                "character": 11
              },
              "end": {
                "line": 0,
                "character": 16
              }
            },
            "left": {
              "span": {
                "range": {
                  "start": {
                    "line": 0,
                    "character": 11
                  },
                  "end": {
                    "line": 0,
                    "character": 12
                  }
                },
                "text": "{"
              },
              "kind": "BeginGroup"
            },
            "right": {
              "span": {
                "range": {
                  "start": {
                    "line": 0,
                    "character": 15
                  },
                  "end": {
                    "line": 0,
                    "character": 16
                  }
                },
                "text": "}"
              },
              "kind": "EndGroup"
            },
            "kind": "Group"
          }
        },
        {
          "Command": {
            "range": {
              "start": {
                "line": 0,
                "character": 1
              },
              "end": {
                "line": 0,
                "character": 16
              }
            },
            "name": {
              "span": {
                "range": {
                  "start": {
                    "line": 0,
                    "character": 1
                  },
                  "end": {
                    "line": 0,
                    "character": 6
                  }
                },
                "text": "\\item"
              },
              "kind": "Command"
            }
          }
        },
        {
          "Command": {
            "range": {
              "start": {
                "line": 1,
                "character": 0
              },
              "end": {
                "line": 1,
                "character": 5
              }
            },
            "name": {
              "span": {
                "range": {
                  "start": {
                    "line": 1,
                    "character": 0
                  },
                  "end": {
                    "line": 1,
                    "character": 5
                  }
                },
                "text": "\\item"
              },
              "kind": "Command"
            }
          }
        },
        {
          "Root": {
            "range": {
              "start": {
                "line": 0,
                "character": 1
              },
              "end": {
                "line": 1,
                "character": 5
              }
            }
          }
        }
      ],
      "node_holes": [],
      "edge_property": "directed",
      "edges": [
        [
          1,
          0,
          null
        ],
        [
          3,
          2,
          null
        ],
        [
          4,
          1,
          null
        ],
        [
          4,
          3,
          null
        ],
        [
          6,
          4,
          null
        ],
        [
          6,
          5,
          null
        ]
      ]
    },
    "root": 6
  },
  "commands": [
    4,
    5
  ],
  "environments": [],
  "is_standalone": false,
  "includes": [],
  "components": [],
  "citations": [],
  "command_definitions": [],
  "glossary_entries": [],
  "equations": [],
  "inlines": [],
  "math_operators": [],
  "theorem_definitions": [],
  "sections": [],
  "labels": [],
  "label_numberings": [],
  "captions": [],
  "items": [
    {
      "parent": 4
    },
    {
      "parent": 5
    }
  ]
}