{
  "tree": {
    "graph": {
      "nodes": [
        {
          "Text": {
            "range": {
              "start": {
                "line": 0,
                "character": 16
              },
              "end": {
                "line": 0,
                "character": 23
              }
            },
            "words": [
              {
                "span": {
                  "range": {
                    "start": {
                      "line": 0,
                      "character": 16
                    },
                    "end": {
                      "line": 0,
                      "character": 23
                    }
                  },
                  "text": "article"
                },
                "kind": "Word"
              }
            ]
          }
        },
        {
          "Group": {
            "range": {
              "start": {
                "line": 0,
                "character": 15
              },
              "end": {
                "line": 0,
                "character": 24
              }
            },
            "left": {
              "span": {
                "range": {
                  "start": {
                    "line": 0,
                    "character": 15
                  },
                  "end": {
                    "line": 0,
                    "character": 16
                  }
                },
                "text": "{"
              },
              "kind": "BeginGroup"
            },
            "right": {
              "span": {
                "range": {
                  "start": {
                    "line": 0,
                    "character": 23
                  },
                  "end": {
                    "line": 0,
                    "character": 24
                  }
                },
                "text": "}"
              },
              "kind": "EndGroup"
            },
            "kind": "Group"
          }
        },
        {
          "Command": {
            "range": {
              "start": {
                "line": 0,
                "character": 1
              },
              "end": {
                "line": 0,
                "character": 24
              }
            },
            "name": {
              "span": {
                "range": {
                  "start": {
                    "line": 0,
                    "character": 1
                  },
                  "end": {
                    "line": 0,
                    "character": 15
                  }
                },
                "text": "\\documentclass"
              },
              "kind": "Command"
            }
          }
        },
        {
          "Text": {
            "range": {
              "start": {
                "line": 1,
                "character": 12
              },
              "end": {
                "line": 1,
                "character": 19
              }
            },
            "words": [
              {
                "span": {
                  "range": {
                    "start": {
                      "line": 1,
                      "character": 12
                    },
                    "end": {
                      "line": 1,
                      "character": 19
                    }
                  },
                  "text": "amsmath"
                },
                "kind": "Word"
              }
            ]
          }
        },
        {
          "Group": {
            "range": {
              "start": {
                "line": 1,
                "character": 11
              },
              "end": {
                "line": 1,
                "character": 20
              }
            },
            "left": {
              "span": {
                "range": {
                  "start": {
                    "line": 1,
                    "character": 11
                  },
                  "end": {
                    "line": 1,
                    "character": 12
                  }
                },
                "text": "{"
              },
              "kind": "BeginGroup"
            },
            "right": {
              "span": {
                "range": {
                  "start": {
                    "line": 1,
                    "character": 19
                  },
                  "end": {
                    "line": 1,
                    "character": 20
                  }
                },
                "text": "}"
              },
              "kind": "EndGroup"
            },
            "kind": "Group"
          }
        },
        {
          "Command": {
            "range": {
              "start": {
                "line": 1,
                "character": 0
              },
              "end": {
                "line": 1,
                "character": 20
              }
            },
            "name": {
              "span": {
                "range": {
                  "start": {
                    "line": 1,
                    "character": 0
                  },
                  "end": {
                    "line": 1,
                    "character": 11
                  }
                },
                "text": "\\usepackage"
              },
              "kind": "Command"
            }
          }
        },
        {
          "Text": {
            "range": {
              "start": {
                "line": 2,
                "character": 12
              },
              "end": {
                "line": 2,
                "character": 18
              }
            },
            "words": [
              {
                "span": {
                  "range": {
                    "start": {
                      "line": 2,
                      "character": 12
                    },
                    "end": {
                      "line": 2,
                      "character": 18
                    }
                  },
                  "text": "lipsum"
                },
                "kind": "Word"
              }
            ]
          }
        },
        {
          "Comma": {
            "range": {
              "start": {
                "line": 2,
                "character": 18
              },
              "end": {
                "line": 2,
                "character": 19
              }
            },
            "token": {
              "span": {
                "range": {
                  "start": {
                    "line": 2,
                    "character": 18
                  },
                  "end": {
                    "line": 2,
                    "character": 19
                  }
                },
                "text": ","
              },
              "kind": "Comma"
            }
          }
        },
        {
          "Text": {
            "range": {
              "start": {
                "line": 2,
                "character": 20
              },
              "end": {
                "line": 2,
                "character": 28
              }
            },
            "words": [
              {
                "span": {
                  "range": {
                    "start": {
                      "line": 2,
                      "character": 20
                    },
                    "end": {
                      "line": 2,
                      "character": 28
                    }
                  },
                  "text": "geometry"
                },
                "kind": "Word"
              }
            ]
          }
        },
        {
          "Group": {
            "range": {
              "start": {
                "line": 2,
                "character": 11
              },
              "end": {
                "line": 2,
                "character": 29
              }
            },
            "left": {
              "span": {
                "range": {
                  "start": {
                    "line": 2,
                    "character": 11
                  },
                  "end": {
                    "line": 2,
                    "character": 12
                  }
                },
                "text": "{"
              },
              "kind": "BeginGroup"
            },
            "right": {
              "span": {
                "range": {
                  "start": {
                    "line": 2,
                    "character": 28
                  },
                  "end": {
                    "line": 2,
                    "character": 29
                  }
                },
                "text": "}"
              },
              "kind": "EndGroup"
            },
            "kind": "Group"
          }
        },
        {
          "Command": {
            "range": {
              "start": {
                "line": 2,
                "character": 0
              },
              "end": {
                "line": 2,
                "character": 29
              }
            },
            "name": {
              "span": {
                "range": {
                  "start": {
                    "line": 2,
                    "character": 0
                  },
                  "end": {
                    "line": 2,
                    "character": 11
                  }
                },
                "text": "\\usepackage"
              },
              "kind": "Command"
            }
          }
        },
        {
          "Text": {
            "range": {
              "start": {
                "line": 3,
                "character": 9
              },
              "end": {
                "line": 3,
                "character": 12
              }
            },
            "words": [
              {
                "span": {
                  "range": {
                    "start": {
                      "line": 3,
                      "character": 9
                    },
                    "end": {
                      "line": 3,
                      "character": 12
                    }
                  },
                  "text": "foo"
                },
                "kind": "Word"
              }
            ]
          }
        },
        {
          "Group": {
            "range": {
              "start": {
                "line": 3,
                "character": 8
              },
              "end": {
                "line": 3,
                "character": 13
              }
            },
            "left": {
              "span": {
                "range": {
                  "start": {
                    "line": 3,
                    "character": 8
                  },
                  "end": {
                    "line": 3,
                    "character": 9
                  }
                },
                "text": "{"
              },
              "kind": "BeginGroup"
            },
            "right": {
              "span": {
                "range": {
                  "start": {
                    "line": 3,
                    "character": 12
                  },
                  "end": {
                    "line": 3,
                    "character": 13
                  }
                },
                "text": "}"
              },
              "kind": "EndGroup"
            },
            "kind": "Group"
          }
        },
        {
          "Command": {
            "range": {
              "start": {
                "line": 3,
                "character": 0
              },
              "end": {
                "line": 3,
                "character": 13
              }
            },
            "name": {
              "span": {
                "range": {
                  "start": {
                    "line": 3,
                    "character": 0
                  },
                  "end": {
                    "line": 3,
                    "character": 8
                  }
                },
                "text": "\\include"
              },
              "kind": "Command"
            }
          }
        },
        {
          "Text": {
            "range": {
              "start": {
                "line": 4,
                "character": 7
              },
              "end": {
                "line": 4,
                "character": 14
              }
            },
            "words": [
              {
                "span": {
                  "range": {
                    "start": {
                      "line": 4,
                      "character": 7
                    },
                    "end": {
                      "line": 4,
                      "character": 14
                    }
                  },
                  "text": "bar.tex"
                },
                "kind": "Word"
              }
            ]
          }
        },
        {
          "Group": {
            "range": {
              "start": {
                "line": 4,
                "character": 6
              },
              "end": {
                "line": 4,
                "character": 15
              }
            },
            "left": {
              "span": {
                "range": {
                  "start": {
                    "line": 4,
                    "character": 6
                  },
                  "end": {
                    "line": 4,
                    "character": 7
                  }
                },
                "text": "{"
              },
              "kind": "BeginGroup"
            },
            "right": {
              "span": {
                "range": {
                  "start": {
                    "line": 4,
                    "character": 14
                  },
                  "end": {
                    "line": 4,
                    "character": 15
                  }
                },
                "text": "}"
              },
              "kind": "EndGroup"
            },
            "kind": "Group"
          }
        },
        {
          "Command": {
            "range": {
              "start": {
                "line": 4,
                "character": 0
              },
              "end": {
                "line": 4,
                "character": 15
              }
            },
            "name": {
              "span": {
                "range": {
                  "start": {
                    "line": 4,
                    "character": 0
                  },
                  "end": {
                    "line": 4,
                    "character": 6
                  }
                },
                "text": "\\input"
              },
              "kind": "Command"
            }
          }
        },
        {
          "Command": {
            "range": {
              "start": {
                "line": 5,
                "character": 0
              },
              "end": {
                "line": 5,
                "character": 8
              }
            },
            "name": {
              "span": {
                "range": {
                  "start": {
                    "line": 5,
                    "character": 0
                  },
                  "end": {
                    "line": 5,
                    "character": 8
                  }
                },
                "text": "\\include"
              },
              "kind": "Command"
            }
          }
        },
        {
          "Root": {
            "range": {
              "start": {
                "line": 0,
                "character": 1
              },
              "end": {
                "line": 5,
                "character": 8
              }
            }
          }
        }
      ],
      "node_holes": [],
      "edge_property": "directed",
      "edges": [
        [
          1,
          0,
          null
        ],
        [
          2,
          1,
          null
        ],
        [
          4,
          3,
          null
        ],
        [
          5,
          4,
          null
        ],
        [
          9,
          6,
          null
        ],
        [
          9,
          7,
          null
        ],
        [
          9,
          8,
          null
        ],
        [
          10,
          9,
          null
        ],
        [
          12,
          11,
          null
        ],
        [
          13,
          12,
          null
        ],
        [
          15,
          14,
          null
        ],
        [
          16,
          15,
          null
        ],
        [
          18,
          2,
          null
        ],
        [
          18,
          5,
          null
        ],
        [
          18,
          10,
          null
        ],
        [
          18,
          13,
          null
        ],
        [
          18,
          16,
          null
        ],
        [
          18,
          17,
          null
        ]
      ]
    },
    "root": 18
  },
  "commands": [
    2,
    5,
    10,
    13,
    16,
    17
  ],
  "environments": [],
  "is_standalone": false,
  "includes": [],
  "components": [],
  "citations": [],
  "command_definitions": [],
  "glossary_entries": [],
  "equations": [],
  "inlines": [],
  "math_operators": [],
  "theorem_definitions": [],
  "sections": [],
  "labels": [],
  "label_numberings": [],
  "captions": [],
  "items": []
}